Archive member included because of file (symbol)

c:/winavr-20100110/bin/../lib/gcc/avr/4.3.3/avr5\libgcc.a(_mulsi3.o)
                              main.o (__mulsi3)
c:/winavr-20100110/bin/../lib/gcc/avr/4.3.3/avr5\libgcc.a(_udivmodsi4.o)
                              main.o (__udivmodsi4)
c:/winavr-20100110/bin/../lib/gcc/avr/4.3.3/avr5\libgcc.a(_divmodsi4.o)
                              lpf.o (__divmodsi4)
c:/winavr-20100110/bin/../lib/gcc/avr/4.3.3/avr5\libgcc.a(_exit.o)
                              c:/winavr-20100110/bin/../lib/gcc/avr/4.3.3/../../../../avr/lib/avr5/crtm328p.o (exit)
c:/winavr-20100110/bin/../lib/gcc/avr/4.3.3/avr5\libgcc.a(_copy_data.o)
                              debug.o (__do_copy_data)
c:/winavr-20100110/bin/../lib/gcc/avr/4.3.3/avr5\libgcc.a(_clear_bss.o)
                              debug.o (__do_clear_bss)

Allocating common symbols
Common symbol       size              file

Temperature         0x4               temp.o
PID                 0x2               pid.o
debug               0x2d              debug.o
PID_type            0x20              pid.o
HEATER              0x2               pwm.o
HEATER_type         0x5               pwm.o
LPF                 0x1b              lpf.o
Timebase            0x2               timebase.o
Timebase_type       0x33              timebase.o

Memory Configuration

Name             Origin             Length             Attributes
text             0x00000000         0x00020000         xr
data             0x00800060         0x0000ffa0         rw !x
eeprom           0x00810000         0x00010000         rw !x
fuse             0x00820000         0x00000400         rw !x
lock             0x00830000         0x00000400         rw !x
signature        0x00840000         0x00000400         rw !x
*default*        0x00000000         0xffffffff

Linker script and memory map

Address of section .data set to 0x800100
LOAD c:/winavr-20100110/bin/../lib/gcc/avr/4.3.3/../../../../avr/lib/avr5/crtm328p.o
LOAD main.o
LOAD debug.o
LOAD lpf.o
LOAD pwm.o
LOAD pid.o
LOAD temp.o
LOAD timebase.o
LOAD c:/winavr-20100110/bin/../lib/gcc/avr/4.3.3/../../../../avr/lib/avr5\libm.a
LOAD c:/winavr-20100110/bin/../lib/gcc/avr/4.3.3/avr5\libgcc.a
LOAD c:/winavr-20100110/bin/../lib/gcc/avr/4.3.3/../../../../avr/lib/avr5\libc.a
LOAD c:/winavr-20100110/bin/../lib/gcc/avr/4.3.3/avr5\libgcc.a

.hash
 *(.hash)

.dynsym
 *(.dynsym)

.dynstr
 *(.dynstr)

.gnu.version
 *(.gnu.version)

.gnu.version_d
 *(.gnu.version_d)

.gnu.version_r
 *(.gnu.version_r)

.rel.init
 *(.rel.init)

.rela.init
 *(.rela.init)

.rel.text
 *(.rel.text)
 *(.rel.text.*)
 *(.rel.gnu.linkonce.t*)

.rela.text
 *(.rela.text)
 *(.rela.text.*)
 *(.rela.gnu.linkonce.t*)

.rel.fini
 *(.rel.fini)

.rela.fini
 *(.rela.fini)

.rel.rodata
 *(.rel.rodata)
 *(.rel.rodata.*)
 *(.rel.gnu.linkonce.r*)

.rela.rodata
 *(.rela.rodata)
 *(.rela.rodata.*)
 *(.rela.gnu.linkonce.r*)

.rel.data
 *(.rel.data)
 *(.rel.data.*)
 *(.rel.gnu.linkonce.d*)

.rela.data
 *(.rela.data)
 *(.rela.data.*)
 *(.rela.gnu.linkonce.d*)

.rel.ctors
 *(.rel.ctors)

.rela.ctors
 *(.rela.ctors)

.rel.dtors
 *(.rel.dtors)

.rela.dtors
 *(.rela.dtors)

.rel.got
 *(.rel.got)

.rela.got
 *(.rela.got)

.rel.bss
 *(.rel.bss)

.rela.bss
 *(.rela.bss)

.rel.plt
 *(.rel.plt)

.rela.plt
 *(.rela.plt)

.text           0x00000000     0x2280
 *(.vectors)
 .vectors       0x00000000       0x68 c:/winavr-20100110/bin/../lib/gcc/avr/4.3.3/../../../../avr/lib/avr5/crtm328p.o
                0x00000000                __vectors
                0x00000000                __vector_default
 *(.vectors)
 *(.progmem.gcc*)
 *(.progmem*)
                0x00000068                . = ALIGN (0x2)
                0x00000068                __trampolines_start = .
 *(.trampolines)
 .trampolines   0x00000068        0x0 linker stubs
 *(.trampolines*)
                0x00000068                __trampolines_end = .
 *(.jumptables)
 *(.jumptables*)
 *(.lowtext)
 *(.lowtext*)
                0x00000068                __ctors_start = .
 *(.ctors)
                0x00000068                __ctors_end = .
                0x00000068                __dtors_start = .
 *(.dtors)
                0x00000068                __dtors_end = .
 SORT(*)(.ctors)
 SORT(*)(.dtors)
 *(.init0)
 .init0         0x00000068        0x0 c:/winavr-20100110/bin/../lib/gcc/avr/4.3.3/../../../../avr/lib/avr5/crtm328p.o
                0x00000068                __init
 *(.init0)
 *(.init1)
 *(.init1)
 *(.init2)
 .init2         0x00000068        0xc c:/winavr-20100110/bin/../lib/gcc/avr/4.3.3/../../../../avr/lib/avr5/crtm328p.o
 *(.init2)
 *(.init3)
 *(.init3)
 *(.init4)
 .init4         0x00000074       0x16 c:/winavr-20100110/bin/../lib/gcc/avr/4.3.3/avr5\libgcc.a(_copy_data.o)
                0x00000074                __do_copy_data
 .init4         0x0000008a       0x10 c:/winavr-20100110/bin/../lib/gcc/avr/4.3.3/avr5\libgcc.a(_clear_bss.o)
                0x0000008a                __do_clear_bss
 *(.init4)
 *(.init5)
 *(.init5)
 *(.init6)
 *(.init6)
 *(.init7)
 *(.init7)
 *(.init8)
 *(.init8)
 *(.init9)
 .init9         0x0000009a        0x8 c:/winavr-20100110/bin/../lib/gcc/avr/4.3.3/../../../../avr/lib/avr5/crtm328p.o
 *(.init9)
 *(.text)
 .text          0x000000a2        0x4 c:/winavr-20100110/bin/../lib/gcc/avr/4.3.3/../../../../avr/lib/avr5/crtm328p.o
                0x000000a2                __vector_22
                0x000000a2                __vector_1
                0x000000a2                __vector_24
                0x000000a2                __vector_12
                0x000000a2                __bad_interrupt
                0x000000a2                __vector_6
                0x000000a2                __vector_3
                0x000000a2                __vector_23
                0x000000a2                __vector_25
                0x000000a2                __vector_11
                0x000000a2                __vector_13
                0x000000a2                __vector_17
                0x000000a2                __vector_19
                0x000000a2                __vector_7
                0x000000a2                __vector_4
                0x000000a2                __vector_2
                0x000000a2                __vector_21
                0x000000a2                __vector_15
                0x000000a2                __vector_8
                0x000000a2                __vector_14
                0x000000a2                __vector_10
                0x000000a2                __vector_18
                0x000000a2                __vector_20
 .text          0x000000a6      0x19c main.o
                0x000000a6                main
 .text          0x00000242      0x782 debug.o
                0x0000032c                debug_delay_index_1
                0x0000084a                debug_tx_parameter_bin_nl
                0x00000744                debug_tx_number_bin_nl
                0x00000714                debug_tx_number_cm
                0x00000896                Debug_tx_parameter_bin_cm
                0x0000061a                debug_tx_text_cm
                0x00000624                debug_determine_digit_numbers
                0x00000242                debug_struct_init
                0x000002c2                debug_timer_stop
                0x0000090e                debug_available_bytes_rx_buf
                0x00000722                debug_tx_number_hex_nl
                0x000008bc                debug_buf_get
                0x000003f8                debug_rx_byte
                0x000008ce                debug_flush_buf
                0x000008c8                debug_buf_index_get
                0x00000736                debug_tx_number_hex_cm
                0x00000766                debug_tx_parameter_nl
                0x0000070a                debug_tx_number_sp
                0x00000606                debug_tx_text_nl
                0x000002e2                debug_tx_set
                0x00000824                Debug_tx_parameter_hex_cm
                0x000005e0                debug_tx_text
                0x0000074e                debug_tx_number_bin_sp
                0x000002de                debug_tx_low
                0x000002a4                debug_timer_start
                0x000007b2                debug_tx_parameter_cm
                0x00000456                debug_rx_byte_clear
                0x0000031e                debug_delay_index_0
                0x00000922                __vector_5
                0x000006c4                debug_tx_number
                0x0000045c                debug_rx_byte_set
                0x00000516                debug_tx_bin
                0x000002f4                debug_delay
                0x0000033a                debug_delay_index_2
                0x000005d0                debug_tx_sp
                0x00000914                debug_init
                0x000009a0                __vector_9
                0x000002d0                debug_gpio_init
                0x00000610                debug_tx_text_sp
                0x000005c2                debug_tx_nl
                0x000002da                debug_tx_high
                0x00000700                debug_tx_number_nl
                0x0000078c                debug_tx_parameter_sp
                0x000007fe                debug_tx_parameter_hex_sp
                0x00000348                debug_tx_byte
                0x00000758                debug_tx_number_bin_cm
                0x0000072c                debug_tx_number_hex_sp
                0x00000870                debug_tx_parameter_bin_sp
                0x000005d8                debug_tx_cm
                0x000008e8                debug_databsy_get
                0x000007d8                debug_tx_parameter_hex_nl
                0x00000462                debug_tx_hex
                0x000008ee                debug_data_available_rx_buf
                0x00000450                debug_rx_byte_get
                0x0000027a                debug_timings_init
                0x000006a2                debug_tx_number_digits
                0x000002ee                debug_rx_get
 .text          0x000009c4      0x172 lpf.o
                0x00000b30                LPF_Init
                0x00000a66                LPF_Get_Filtered_Value
                0x00000a4c                LPF_Get_Alpha
                0x00000a32                LPF_Set_Alpha
                0x000009c4                LPF_Struct_Init
 .text          0x00000b36       0xce pwm.o
                0x00000b78                Iron_Heater_Off
                0x00000bb2                PWM_Init
                0x00000ba4                Iron_Get_PWM
                0x00000b36                Iron_Heater_On
 .text          0x00000c04      0x2c8 pid.o
                0x00000eac                PID_Get_IError_Limit
                0x00000e5a                PID_Get_Set_Point
                0x00000e9a                PID_Get_DError
                0x00000e4c                PID_Get_Kd
                0x00000e30                PID_Get_Kp
                0x00000c04                PID_Init
                0x00000e88                PID_Get_IError
                0x00000e68                PID_Get_Process_Value
                0x00000c9a                PID_Update_Constants
                0x00000e3e                PID_Get_Ki
                0x00000d82                PID_Execute_Routine
                0x00000cc2                PID_Reset_IError
                0x00000ebe                PID_Get_Output
                0x00000e76                PID_Get_Current_Error
                0x00000cd4                PID_Calculate_Error
                0x00000cb0                PID_Update_IError_Limit
 .text          0x00000ecc      0x10a temp.o
                0x00000ede                Temp_ADC_Init
                0x00000ef4                Temp_Read_ADC
                0x00000ecc                Temp_Struct_Init
                0x00000f1e                Temp_Read_ADC_Avg
                0x00000f6c                Temp_Get_Raw_Val
                0x00000f76                Temp_Get_Filtered_Val
                0x00000f80                Temp_Init
                0x00000fa6                Temp_Read_Avg
 .text          0x00000fd6     0x11ee timebase.o
                0x0000194a                Timebase_UpCounter_Set_Period_Value_Securely
                0x00001fe6                Timebase_DownCounter_Period_Value_Expired
                0x00001aa2                Timebase_UpCounter_Reset_All
                0x0000147e                Timebase_UpCounter_Get_EndValue
                0x00001756                Timebase_UpCounter_Set_Securely
                0x00001aaa                Timebase_DownCounter_Get_Status
                0x00001df2                Timebase_DownCounter_Set_Forcefully
                0x0000210c                Timebase_ISR_Executables
                0x00001616                Timebase_UpCounter_Get_Period_Flag
                0x000020a2                Timebase_DownCounter_Update_All
                0x0000163e                Timebase_UpCounter_Set_Period_Flag
                0x000020ca                Timebase_Reset
                0x000020d4                Timebase_Init
                0x00001692                Timebase_UpCounter_Reset
                0x00001338                Timebase_Timer_Await_SubSeconds
                0x0000154a                Timebase_UpCounter_Get_TemporaryValue
                0x000014b8                Timebase_UpCounter_Set_EndValue
                0x00001452                Timebase_UpCounter_Set_Value
                0x00001720                Timebase_UpCounter_Stop
                0x00001584                Timebase_UpCounter_Set_TemporaryValue
                0x000020aa                Timebase_DownCounter_Reset_All
                0x000012a6                Timebase_Timer_Get_SubSeconds
                0x000019de                Timebase_UpCounter_Period_Value_Expired
                0x000017f0                Timebase_UpCounter_Update
                0x00001a9a                Timebase_UpCounter_Update_All
                0x000012e4                Timebase_Timer_Set_Seconds
                0x00001f52                Timebase_DownCounter_Set_Period_Value_Securely
                0x00002062                Timebase_DownCounter_Period_Value_Expired_Event
                0x00001ed4                Timebase_DownCounter_Expired
                0x000016ea                Timebase_UpCounter_Start
                0x00001cec                Timebase_DownCounter_Clear_All_Flags
                0x00001b6a                Timebase_DownCounter_Get_EndValue
                0x00001b3e                Timebase_DownCounter_Set_Value
                0x00001992                Timebase_UpCounter_Get_Remaining_Period_Value
                0x00002102                Timebase_Main_Loop_Executables
                0x00001c36                Timebase_DownCounter_Get_Period_Flag
                0x000015ea                Timebase_UpCounter_Set_PeriodValue
                0x00001262                Timebase_Token_Executing
                0x00001c0a                Timebase_DownCounter_Set_PeriodValue
                0x00001f9a                Timebase_DownCounter_Get_Remaining_Period_Value
                0x00001c88                Timebase_DownCounter_Clear_Period_Flag
                0x000017c6                Timebase_UpCounter_Set_Forcefully
                0x000016e4                Timebase_UpCounter_Clear_All_Flags
                0x000012bc                Timebase_Timer_Get_Seconds
                0x00001418                Timebase_UpCounter_Get_Value
                0x00001c5e                Timebase_DownCounter_Set_Period_Flag
                0x00001b04                Timebase_DownCounter_Get_Value
                0x00000fd6                Timebase_Struct_Init
                0x0000137c                Timebase_Timer_Delay_Seconds
                0x000010c8                Timebase_Timer_Config
                0x000013e8                Timebase_UpCounter_Set_Status
                0x000012d2                Timebase_Timer_Set_SubSeconds
                0x00001e3a                Timebase_DownCounter_Update
                0x00001cb2                Timebase_DownCounter_Reset
                0x000018d8                Timebase_UpCounter_Expired
                0x0000129a                Timebase_Token_Remove_All
                0x00001bd0                Timebase_DownCounter_Get_PeriodValue
                0x00001ba4                Timebase_DownCounter_Set_EndValue
                0x00001668                Timebase_UpCounter_Clear_Period_Flag
                0x00001a5a                Timebase_UpCounter_Period_Value_Expired_Event
                0x00001f08                Timebase_DownCounter_Expired_Event
                0x0000190c                Timebase_UpCounter_Expired_Event
                0x00001d5c                Timebase_DownCounter_Stop
                0x000014e4                Timebase_UpCounter_Get_TargetValue
                0x000015b0                Timebase_UpCounter_Get_PeriodValue
                0x00001d92                Timebase_DownCounter_Set_Securely
                0x00001ad4                Timebase_DownCounter_Set_Status
                0x00001284                Timebase_Token_Remove
                0x0000126e                Timebase_Token_Add
                0x0000217c                __vector_16
                0x000012f6                Timebase_Timer_Delay_SubSeconds
                0x00001d26                Timebase_DownCounter_Start
                0x000013be                Timebase_UpCounter_Get_Status
                0x0000151e                Timebase_UpCounter_Set_TargetValue
 .text          0x000021c4        0x0 c:/winavr-20100110/bin/../lib/gcc/avr/4.3.3/avr5\libgcc.a(_mulsi3.o)
 .text          0x000021c4        0x0 c:/winavr-20100110/bin/../lib/gcc/avr/4.3.3/avr5\libgcc.a(_udivmodsi4.o)
 .text          0x000021c4        0x0 c:/winavr-20100110/bin/../lib/gcc/avr/4.3.3/avr5\libgcc.a(_divmodsi4.o)
 .text          0x000021c4        0x0 c:/winavr-20100110/bin/../lib/gcc/avr/4.3.3/avr5\libgcc.a(_exit.o)
 .text          0x000021c4        0x0 c:/winavr-20100110/bin/../lib/gcc/avr/4.3.3/avr5\libgcc.a(_copy_data.o)
 .text          0x000021c4        0x0 c:/winavr-20100110/bin/../lib/gcc/avr/4.3.3/avr5\libgcc.a(_clear_bss.o)
                0x000021c4                . = ALIGN (0x2)
 *(.text.*)
 .text.libgcc   0x000021c4       0x3e c:/winavr-20100110/bin/../lib/gcc/avr/4.3.3/avr5\libgcc.a(_mulsi3.o)
                0x000021c4                __mulsi3
 .text.libgcc   0x00002202       0x44 c:/winavr-20100110/bin/../lib/gcc/avr/4.3.3/avr5\libgcc.a(_udivmodsi4.o)
                0x00002202                __udivmodsi4
 .text.libgcc   0x00002246       0x36 c:/winavr-20100110/bin/../lib/gcc/avr/4.3.3/avr5\libgcc.a(_divmodsi4.o)
                0x00002246                __divmodsi4
 .text.libgcc   0x0000227c        0x0 c:/winavr-20100110/bin/../lib/gcc/avr/4.3.3/avr5\libgcc.a(_exit.o)
 .text.libgcc   0x0000227c        0x0 c:/winavr-20100110/bin/../lib/gcc/avr/4.3.3/avr5\libgcc.a(_copy_data.o)
 .text.libgcc   0x0000227c        0x0 c:/winavr-20100110/bin/../lib/gcc/avr/4.3.3/avr5\libgcc.a(_clear_bss.o)
                0x0000227c                . = ALIGN (0x2)
 *(.fini9)
 .fini9         0x0000227c        0x0 c:/winavr-20100110/bin/../lib/gcc/avr/4.3.3/avr5\libgcc.a(_exit.o)
                0x0000227c                exit
                0x0000227c                _exit
 *(.fini9)
 *(.fini8)
 *(.fini8)
 *(.fini7)
 *(.fini7)
 *(.fini6)
 *(.fini6)
 *(.fini5)
 *(.fini5)
 *(.fini4)
 *(.fini4)
 *(.fini3)
 *(.fini3)
 *(.fini2)
 *(.fini2)
 *(.fini1)
 *(.fini1)
 *(.fini0)
 .fini0         0x0000227c        0x4 c:/winavr-20100110/bin/../lib/gcc/avr/4.3.3/avr5\libgcc.a(_exit.o)
 *(.fini0)
                0x00002280                _etext = .

.data           0x00800100       0x1e load address 0x00002280
                0x00800100                PROVIDE (__data_start, .)
 *(.data)
 .data          0x00800100        0x0 c:/winavr-20100110/bin/../lib/gcc/avr/4.3.3/../../../../avr/lib/avr5/crtm328p.o
 .data          0x00800100        0x0 main.o
 .data          0x00800100       0x14 debug.o
                0x00800108                TIM2_BAUD_19200
                0x0080010e                TIM2_BAUD_38400
                0x00800102                TIM2_BAUD_9600
 .data          0x00800114        0x0 lpf.o
 .data          0x00800114        0x0 pwm.o
 .data          0x00800114        0x0 pid.o
 .data          0x00800114        0x0 temp.o
 .data          0x00800114        0xa timebase.o
 .data          0x0080011e        0x0 c:/winavr-20100110/bin/../lib/gcc/avr/4.3.3/avr5\libgcc.a(_mulsi3.o)
 .data          0x0080011e        0x0 c:/winavr-20100110/bin/../lib/gcc/avr/4.3.3/avr5\libgcc.a(_udivmodsi4.o)
 .data          0x0080011e        0x0 c:/winavr-20100110/bin/../lib/gcc/avr/4.3.3/avr5\libgcc.a(_divmodsi4.o)
 .data          0x0080011e        0x0 c:/winavr-20100110/bin/../lib/gcc/avr/4.3.3/avr5\libgcc.a(_exit.o)
 .data          0x0080011e        0x0 c:/winavr-20100110/bin/../lib/gcc/avr/4.3.3/avr5\libgcc.a(_copy_data.o)
 .data          0x0080011e        0x0 c:/winavr-20100110/bin/../lib/gcc/avr/4.3.3/avr5\libgcc.a(_clear_bss.o)
 *(.data*)
 *(.rodata)
 *(.rodata*)
 *(.gnu.linkonce.d*)
                0x0080011e                . = ALIGN (0x2)
                0x0080011e                _edata = .
                0x0080011e                PROVIDE (__data_end, .)

.bss            0x0080011e       0xaa
                0x0080011e                PROVIDE (__bss_start, .)
 *(.bss)
 .bss           0x0080011e        0x0 c:/winavr-20100110/bin/../lib/gcc/avr/4.3.3/../../../../avr/lib/avr5/crtm328p.o
 .bss           0x0080011e        0x0 main.o
 .bss           0x0080011e        0x0 debug.o
 .bss           0x0080011e        0x0 lpf.o
 .bss           0x0080011e        0x0 pwm.o
 .bss           0x0080011e        0x0 pid.o
 .bss           0x0080011e        0x0 temp.o
 .bss           0x0080011e        0x0 timebase.o
 .bss           0x0080011e        0x0 c:/winavr-20100110/bin/../lib/gcc/avr/4.3.3/avr5\libgcc.a(_mulsi3.o)
 .bss           0x0080011e        0x0 c:/winavr-20100110/bin/../lib/gcc/avr/4.3.3/avr5\libgcc.a(_udivmodsi4.o)
 .bss           0x0080011e        0x0 c:/winavr-20100110/bin/../lib/gcc/avr/4.3.3/avr5\libgcc.a(_divmodsi4.o)
 .bss           0x0080011e        0x0 c:/winavr-20100110/bin/../lib/gcc/avr/4.3.3/avr5\libgcc.a(_exit.o)
 .bss           0x0080011e        0x0 c:/winavr-20100110/bin/../lib/gcc/avr/4.3.3/avr5\libgcc.a(_copy_data.o)
 .bss           0x0080011e        0x0 c:/winavr-20100110/bin/../lib/gcc/avr/4.3.3/avr5\libgcc.a(_clear_bss.o)
 *(.bss*)
 *(COMMON)
 COMMON         0x0080011e       0x2d debug.o
                0x0080011e                debug
 COMMON         0x0080014b       0x1b lpf.o
                0x0080014b                LPF
 COMMON         0x00800166        0x7 pwm.o
                0x00800166                HEATER
                0x00800168                HEATER_type
 COMMON         0x0080016d       0x22 pid.o
                0x0080016d                PID
                0x0080016f                PID_type
 COMMON         0x0080018f        0x4 temp.o
                0x0080018f                Temperature
 COMMON         0x00800193       0x35 timebase.o
                0x00800193                Timebase
                0x00800195                Timebase_type
                0x008001c8                PROVIDE (__bss_end, .)
                0x00002280                __data_load_start = LOADADDR (.data)
                0x0000229e                __data_load_end = (__data_load_start + SIZEOF (.data))

.noinit         0x008001c8        0x0
                0x008001c8                PROVIDE (__noinit_start, .)
 *(.noinit*)
                0x008001c8                PROVIDE (__noinit_end, .)
                0x008001c8                _end = .
                0x008001c8                PROVIDE (__heap_start, .)

.eeprom         0x00810000        0x0
 *(.eeprom*)
                0x00810000                __eeprom_end = .

.fuse
 *(.fuse)
 *(.lfuse)
 *(.hfuse)
 *(.efuse)

.lock
 *(.lock*)

.signature
 *(.signature*)

.stab
 *(.stab)

.stabstr
 *(.stabstr)

.stab.excl
 *(.stab.excl)

.stab.exclstr
 *(.stab.exclstr)

.stab.index
 *(.stab.index)

.stab.indexstr
 *(.stab.indexstr)

.comment
 *(.comment)

.debug
 *(.debug)

.line
 *(.line)

.debug_srcinfo
 *(.debug_srcinfo)

.debug_sfnames
 *(.debug_sfnames)

.debug_aranges  0x00000000       0xe0
 *(.debug_aranges)
 .debug_aranges
                0x00000000       0x20 main.o
 .debug_aranges
                0x00000020       0x20 debug.o
 .debug_aranges
                0x00000040       0x20 lpf.o
 .debug_aranges
                0x00000060       0x20 pwm.o
 .debug_aranges
                0x00000080       0x20 pid.o
 .debug_aranges
                0x000000a0       0x20 temp.o
 .debug_aranges
                0x000000c0       0x20 timebase.o

.debug_pubnames
                0x00000000     0x132b
 *(.debug_pubnames)
 .debug_pubnames
                0x00000000       0x1b main.o
 .debug_pubnames
                0x0000001b      0x567 debug.o
 .debug_pubnames
                0x00000582       0x7a lpf.o
 .debug_pubnames
                0x000005fc       0x72 pwm.o
 .debug_pubnames
                0x0000066e      0x177 pid.o
 .debug_pubnames
                0x000007e5       0xc0 temp.o
 .debug_pubnames
                0x000008a5      0xa86 timebase.o

.debug_info     0x00000000     0x3696
 *(.debug_info)
 .debug_info    0x00000000      0x1c2 main.o
 .debug_info    0x000001c2      0xc48 debug.o
 .debug_info    0x00000e0a      0x1fa lpf.o
 .debug_info    0x00001004      0x16a pwm.o
 .debug_info    0x0000116e      0x3a3 pid.o
 .debug_info    0x00001511      0x2ea temp.o
 .debug_info    0x000017fb     0x1e9b timebase.o
 *(.gnu.linkonce.wi.*)

.debug_abbrev   0x00000000      0xb3c
 *(.debug_abbrev)
 .debug_abbrev  0x00000000       0xe8 main.o
 .debug_abbrev  0x000000e8      0x295 debug.o
 .debug_abbrev  0x0000037d      0x168 lpf.o
 .debug_abbrev  0x000004e5       0xdd pwm.o
 .debug_abbrev  0x000005c2      0x10e pid.o
 .debug_abbrev  0x000006d0      0x18e temp.o
 .debug_abbrev  0x0000085e      0x2de timebase.o

.debug_line     0x00000000     0x2223
 *(.debug_line)
 .debug_line    0x00000000      0x25f main.o
 .debug_line    0x0000025f      0xaaa debug.o
 .debug_line    0x00000d09      0x150 lpf.o
 .debug_line    0x00000e59      0x188 pwm.o
 .debug_line    0x00000fe1      0x2d8 pid.o
 .debug_line    0x000012b9      0x22b temp.o
 .debug_line    0x000014e4      0xd3f timebase.o

.debug_frame    0x00000000      0xac0
 *(.debug_frame)
 .debug_frame   0x00000000       0x20 main.o
 .debug_frame   0x00000020      0x3a0 debug.o
 .debug_frame   0x000003c0       0x60 lpf.o
 .debug_frame   0x00000420       0x50 pwm.o
 .debug_frame   0x00000470      0x110 pid.o
 .debug_frame   0x00000580       0x90 temp.o
 .debug_frame   0x00000610      0x4b0 timebase.o

.debug_str      0x00000000     0x1415
 *(.debug_str)
 .debug_str     0x00000000       0xf6 main.o
                                0x131 (size before relaxing)
 .debug_str     0x000000f6      0x4de debug.o
                                0x5bd (size before relaxing)
 .debug_str     0x000005d4       0x72 lpf.o
                                0x142 (size before relaxing)
 .debug_str     0x00000646       0x7a pwm.o
                                0x13e (size before relaxing)
 .debug_str     0x000006c0      0x1c2 pid.o
                                0x284 (size before relaxing)
 .debug_str     0x00000882       0xce temp.o
                                0x1d1 (size before relaxing)
 .debug_str     0x00000950      0xac5 timebase.o
                                0xbe8 (size before relaxing)

.debug_loc      0x00000000     0x13b3
 *(.debug_loc)
 .debug_loc     0x00000000      0x11e main.o
 .debug_loc     0x0000011e      0x793 debug.o
 .debug_loc     0x000008b1       0xc9 lpf.o
 .debug_loc     0x0000097a       0x28 pwm.o
 .debug_loc     0x000009a2       0x7c pid.o
 .debug_loc     0x00000a1e       0x72 temp.o
 .debug_loc     0x00000a90      0x923 timebase.o

.debug_macinfo
 *(.debug_macinfo)
OUTPUT(main.elf elf32-avr)
LOAD linker stubs

.debug_ranges   0x00000000      0x120
 .debug_ranges  0x00000000       0xd8 main.o
 .debug_ranges  0x000000d8       0x48 debug.o

Cross Reference Table

Symbol                                            File
Debug_tx_parameter_bin_cm                         debug.o
Debug_tx_parameter_hex_cm                         debug.o
HEATER                                            pwm.o
HEATER_type                                       pwm.o
Iron_Get_PWM                                      pwm.o
                                                  main.o
Iron_Heater_Off                                   pwm.o
                                                  temp.o
Iron_Heater_On                                    pwm.o
                                                  main.o
LPF                                               lpf.o
LPF_Get_Alpha                                     lpf.o
LPF_Get_Filtered_Value                            lpf.o
                                                  temp.o
                                                  main.o
LPF_Init                                          lpf.o
                                                  main.o
LPF_Set_Alpha                                     lpf.o
                                                  main.o
LPF_Struct_Init                                   lpf.o
PID                                               pid.o
PID_Calculate_Error                               pid.o
PID_Execute_Routine                               pid.o
                                                  main.o
PID_Get_Current_Error                             pid.o
PID_Get_DError                                    pid.o
PID_Get_IError                                    pid.o
PID_Get_IError_Limit                              pid.o
PID_Get_Kd                                        pid.o
PID_Get_Ki                                        pid.o
PID_Get_Kp                                        pid.o
PID_Get_Output                                    pid.o
                                                  main.o
PID_Get_Process_Value                             pid.o
PID_Get_Set_Point                                 pid.o
PID_Init                                          pid.o
                                                  main.o
PID_Reset_IError                                  pid.o
PID_Update_Constants                              pid.o
                                                  main.o
PID_Update_IError_Limit                           pid.o
PID_type                                          pid.o
PWM_Init                                          pwm.o
                                                  main.o
TIM2_BAUD_19200                                   debug.o
TIM2_BAUD_38400                                   debug.o
TIM2_BAUD_9600                                    debug.o
Temp_ADC_Init                                     temp.o
Temp_Get_Filtered_Val                             temp.o
                                                  main.o
Temp_Get_Raw_Val                                  temp.o
                                                  main.o
Temp_Init                                         temp.o
                                                  main.o
Temp_Read_ADC                                     temp.o
Temp_Read_ADC_Avg                                 temp.o
                                                  main.o
Temp_Read_Avg                                     temp.o
                                                  main.o
Temp_Struct_Init                                  temp.o
Temperature                                       temp.o
Timebase                                          timebase.o
Timebase_DownCounter_Clear_All_Flags              timebase.o
Timebase_DownCounter_Clear_Period_Flag            timebase.o
Timebase_DownCounter_Expired                      timebase.o
Timebase_DownCounter_Expired_Event                timebase.o
Timebase_DownCounter_Get_EndValue                 timebase.o
Timebase_DownCounter_Get_PeriodValue              timebase.o
Timebase_DownCounter_Get_Period_Flag              timebase.o
Timebase_DownCounter_Get_Remaining_Period_Value   timebase.o
Timebase_DownCounter_Get_Status                   timebase.o
Timebase_DownCounter_Get_Value                    timebase.o
Timebase_DownCounter_Period_Value_Expired         timebase.o
Timebase_DownCounter_Period_Value_Expired_Event   timebase.o
Timebase_DownCounter_Reset                        timebase.o
Timebase_DownCounter_Reset_All                    timebase.o
Timebase_DownCounter_Set_EndValue                 timebase.o
Timebase_DownCounter_Set_Forcefully               timebase.o
Timebase_DownCounter_Set_PeriodValue              timebase.o
Timebase_DownCounter_Set_Period_Flag              timebase.o
Timebase_DownCounter_Set_Period_Value_Securely    timebase.o
Timebase_DownCounter_Set_Securely                 timebase.o
Timebase_DownCounter_Set_Status                   timebase.o
Timebase_DownCounter_Set_Value                    timebase.o
Timebase_DownCounter_Start                        timebase.o
Timebase_DownCounter_Stop                         timebase.o
Timebase_DownCounter_Update                       timebase.o
Timebase_DownCounter_Update_All                   timebase.o
Timebase_ISR_Executables                          timebase.o
Timebase_Init                                     timebase.o
Timebase_Main_Loop_Executables                    timebase.o
Timebase_Reset                                    timebase.o
Timebase_Struct_Init                              timebase.o
Timebase_Timer_Await_SubSeconds                   timebase.o
Timebase_Timer_Config                             timebase.o
Timebase_Timer_Delay_Seconds                      timebase.o
Timebase_Timer_Delay_SubSeconds                   timebase.o
Timebase_Timer_Get_Seconds                        timebase.o
Timebase_Timer_Get_SubSeconds                     timebase.o
Timebase_Timer_Set_Seconds                        timebase.o
Timebase_Timer_Set_SubSeconds                     timebase.o
Timebase_Token_Add                                timebase.o
Timebase_Token_Executing                          timebase.o
Timebase_Token_Remove                             timebase.o
Timebase_Token_Remove_All                         timebase.o
Timebase_UpCounter_Clear_All_Flags                timebase.o
Timebase_UpCounter_Clear_Period_Flag              timebase.o
Timebase_UpCounter_Expired                        timebase.o
Timebase_UpCounter_Expired_Event                  timebase.o
Timebase_UpCounter_Get_EndValue                   timebase.o
Timebase_UpCounter_Get_PeriodValue                timebase.o
Timebase_UpCounter_Get_Period_Flag                timebase.o
Timebase_UpCounter_Get_Remaining_Period_Value     timebase.o
Timebase_UpCounter_Get_Status                     timebase.o
Timebase_UpCounter_Get_TargetValue                timebase.o
Timebase_UpCounter_Get_TemporaryValue             timebase.o
Timebase_UpCounter_Get_Value                      timebase.o
Timebase_UpCounter_Period_Value_Expired           timebase.o
Timebase_UpCounter_Period_Value_Expired_Event     timebase.o
Timebase_UpCounter_Reset                          timebase.o
Timebase_UpCounter_Reset_All                      timebase.o
Timebase_UpCounter_Set_EndValue                   timebase.o
Timebase_UpCounter_Set_Forcefully                 timebase.o
Timebase_UpCounter_Set_PeriodValue                timebase.o
Timebase_UpCounter_Set_Period_Flag                timebase.o
Timebase_UpCounter_Set_Period_Value_Securely      timebase.o
Timebase_UpCounter_Set_Securely                   timebase.o
Timebase_UpCounter_Set_Status                     timebase.o
Timebase_UpCounter_Set_TargetValue                timebase.o
Timebase_UpCounter_Set_TemporaryValue             timebase.o
Timebase_UpCounter_Set_Value                      timebase.o
Timebase_UpCounter_Start                          timebase.o
Timebase_UpCounter_Stop                           timebase.o
Timebase_UpCounter_Update                         timebase.o
Timebase_UpCounter_Update_All                     timebase.o
Timebase_type                                     timebase.o
__bad_interrupt                                   c:/winavr-20100110/bin/../lib/gcc/avr/4.3.3/../../../../avr/lib/avr5/crtm328p.o
__bss_end                                         c:/winavr-20100110/bin/../lib/gcc/avr/4.3.3/avr5\libgcc.a(_clear_bss.o)
__bss_start                                       c:/winavr-20100110/bin/../lib/gcc/avr/4.3.3/avr5\libgcc.a(_clear_bss.o)
__data_end                                        c:/winavr-20100110/bin/../lib/gcc/avr/4.3.3/avr5\libgcc.a(_copy_data.o)
__data_load_start                                 c:/winavr-20100110/bin/../lib/gcc/avr/4.3.3/avr5\libgcc.a(_copy_data.o)
__data_start                                      c:/winavr-20100110/bin/../lib/gcc/avr/4.3.3/avr5\libgcc.a(_copy_data.o)
__divmodsi4                                       c:/winavr-20100110/bin/../lib/gcc/avr/4.3.3/avr5\libgcc.a(_divmodsi4.o)
                                                  pid.o
                                                  lpf.o
__do_clear_bss                                    c:/winavr-20100110/bin/../lib/gcc/avr/4.3.3/avr5\libgcc.a(_clear_bss.o)
                                                  timebase.o
                                                  temp.o
                                                  pid.o
                                                  pwm.o
                                                  lpf.o
                                                  debug.o
__do_copy_data                                    c:/winavr-20100110/bin/../lib/gcc/avr/4.3.3/avr5\libgcc.a(_copy_data.o)
                                                  timebase.o
                                                  debug.o
__heap_end                                        c:/winavr-20100110/bin/../lib/gcc/avr/4.3.3/../../../../avr/lib/avr5/crtm328p.o
__init                                            c:/winavr-20100110/bin/../lib/gcc/avr/4.3.3/../../../../avr/lib/avr5/crtm328p.o
__mulsi3                                          c:/winavr-20100110/bin/../lib/gcc/avr/4.3.3/avr5\libgcc.a(_mulsi3.o)
                                                  pid.o
                                                  lpf.o
                                                  main.o
__stack                                           c:/winavr-20100110/bin/../lib/gcc/avr/4.3.3/../../../../avr/lib/avr5/crtm328p.o
__udivmodsi4                                      c:/winavr-20100110/bin/../lib/gcc/avr/4.3.3/avr5\libgcc.a(_udivmodsi4.o)
                                                  c:/winavr-20100110/bin/../lib/gcc/avr/4.3.3/avr5\libgcc.a(_divmodsi4.o)
                                                  timebase.o
                                                  debug.o
                                                  main.o
__vector_1                                        c:/winavr-20100110/bin/../lib/gcc/avr/4.3.3/../../../../avr/lib/avr5/crtm328p.o
__vector_10                                       c:/winavr-20100110/bin/../lib/gcc/avr/4.3.3/../../../../avr/lib/avr5/crtm328p.o
__vector_11                                       c:/winavr-20100110/bin/../lib/gcc/avr/4.3.3/../../../../avr/lib/avr5/crtm328p.o
__vector_12                                       c:/winavr-20100110/bin/../lib/gcc/avr/4.3.3/../../../../avr/lib/avr5/crtm328p.o
__vector_13                                       c:/winavr-20100110/bin/../lib/gcc/avr/4.3.3/../../../../avr/lib/avr5/crtm328p.o
__vector_14                                       c:/winavr-20100110/bin/../lib/gcc/avr/4.3.3/../../../../avr/lib/avr5/crtm328p.o
__vector_15                                       c:/winavr-20100110/bin/../lib/gcc/avr/4.3.3/../../../../avr/lib/avr5/crtm328p.o
__vector_16                                       timebase.o
                                                  c:/winavr-20100110/bin/../lib/gcc/avr/4.3.3/../../../../avr/lib/avr5/crtm328p.o
__vector_17                                       c:/winavr-20100110/bin/../lib/gcc/avr/4.3.3/../../../../avr/lib/avr5/crtm328p.o
__vector_18                                       c:/winavr-20100110/bin/../lib/gcc/avr/4.3.3/../../../../avr/lib/avr5/crtm328p.o
__vector_19                                       c:/winavr-20100110/bin/../lib/gcc/avr/4.3.3/../../../../avr/lib/avr5/crtm328p.o
__vector_2                                        c:/winavr-20100110/bin/../lib/gcc/avr/4.3.3/../../../../avr/lib/avr5/crtm328p.o
__vector_20                                       c:/winavr-20100110/bin/../lib/gcc/avr/4.3.3/../../../../avr/lib/avr5/crtm328p.o
__vector_21                                       c:/winavr-20100110/bin/../lib/gcc/avr/4.3.3/../../../../avr/lib/avr5/crtm328p.o
__vector_22                                       c:/winavr-20100110/bin/../lib/gcc/avr/4.3.3/../../../../avr/lib/avr5/crtm328p.o
__vector_23                                       c:/winavr-20100110/bin/../lib/gcc/avr/4.3.3/../../../../avr/lib/avr5/crtm328p.o
__vector_24                                       c:/winavr-20100110/bin/../lib/gcc/avr/4.3.3/../../../../avr/lib/avr5/crtm328p.o
__vector_25                                       c:/winavr-20100110/bin/../lib/gcc/avr/4.3.3/../../../../avr/lib/avr5/crtm328p.o
__vector_3                                        c:/winavr-20100110/bin/../lib/gcc/avr/4.3.3/../../../../avr/lib/avr5/crtm328p.o
__vector_4                                        c:/winavr-20100110/bin/../lib/gcc/avr/4.3.3/../../../../avr/lib/avr5/crtm328p.o
__vector_5                                        debug.o
                                                  c:/winavr-20100110/bin/../lib/gcc/avr/4.3.3/../../../../avr/lib/avr5/crtm328p.o
__vector_6                                        c:/winavr-20100110/bin/../lib/gcc/avr/4.3.3/../../../../avr/lib/avr5/crtm328p.o
__vector_7                                        c:/winavr-20100110/bin/../lib/gcc/avr/4.3.3/../../../../avr/lib/avr5/crtm328p.o
__vector_8                                        c:/winavr-20100110/bin/../lib/gcc/avr/4.3.3/../../../../avr/lib/avr5/crtm328p.o
__vector_9                                        debug.o
                                                  c:/winavr-20100110/bin/../lib/gcc/avr/4.3.3/../../../../avr/lib/avr5/crtm328p.o
__vector_default                                  c:/winavr-20100110/bin/../lib/gcc/avr/4.3.3/../../../../avr/lib/avr5/crtm328p.o
__vectors                                         c:/winavr-20100110/bin/../lib/gcc/avr/4.3.3/../../../../avr/lib/avr5/crtm328p.o
_exit                                             c:/winavr-20100110/bin/../lib/gcc/avr/4.3.3/avr5\libgcc.a(_exit.o)
debug                                             debug.o
debug_available_bytes_rx_buf                      debug.o
debug_buf_get                                     debug.o
debug_buf_index_get                               debug.o
debug_data_available_rx_buf                       debug.o
debug_databsy_get                                 debug.o
debug_delay                                       debug.o
debug_delay_index_0                               debug.o
debug_delay_index_1                               debug.o
debug_delay_index_2                               debug.o
debug_determine_digit_numbers                     debug.o
debug_flush_buf                                   debug.o
debug_gpio_init                                   debug.o
debug_init                                        debug.o
                                                  main.o
debug_rx_byte                                     debug.o
debug_rx_byte_clear                               debug.o
debug_rx_byte_get                                 debug.o
debug_rx_byte_set                                 debug.o
debug_rx_get                                      debug.o
debug_struct_init                                 debug.o
debug_timer_start                                 debug.o
debug_timer_stop                                  debug.o
debug_timings_init                                debug.o
debug_tx_bin                                      debug.o
debug_tx_byte                                     debug.o
debug_tx_cm                                       debug.o
debug_tx_hex                                      debug.o
debug_tx_high                                     debug.o
debug_tx_low                                      debug.o
debug_tx_nl                                       debug.o
debug_tx_number                                   debug.o
debug_tx_number_bin_cm                            debug.o
debug_tx_number_bin_nl                            debug.o
debug_tx_number_bin_sp                            debug.o
debug_tx_number_cm                                debug.o
                                                  main.o
debug_tx_number_digits                            debug.o
debug_tx_number_hex_cm                            debug.o
debug_tx_number_hex_nl                            debug.o
debug_tx_number_hex_sp                            debug.o
debug_tx_number_nl                                debug.o
                                                  main.o
debug_tx_number_sp                                debug.o
debug_tx_parameter_bin_nl                         debug.o
debug_tx_parameter_bin_sp                         debug.o
debug_tx_parameter_cm                             debug.o
debug_tx_parameter_hex_nl                         debug.o
debug_tx_parameter_hex_sp                         debug.o
debug_tx_parameter_nl                             debug.o
debug_tx_parameter_sp                             debug.o
debug_tx_set                                      debug.o
debug_tx_sp                                       debug.o
debug_tx_text                                     debug.o
debug_tx_text_cm                                  debug.o
debug_tx_text_nl                                  debug.o
debug_tx_text_sp                                  debug.o
exit                                              c:/winavr-20100110/bin/../lib/gcc/avr/4.3.3/avr5\libgcc.a(_exit.o)
                                                  c:/winavr-20100110/bin/../lib/gcc/avr/4.3.3/../../../../avr/lib/avr5/crtm328p.o
main                                              main.o
                                                  c:/winavr-20100110/bin/../lib/gcc/avr/4.3.3/../../../../avr/lib/avr5/crtm328p.o
