   1               		.file	"main.c"
   2               	__SREG__ = 0x3f
   3               	__SP_H__ = 0x3e
   4               	__SP_L__ = 0x3d
   5               	__CCP__  = 0x34
   6               	__tmp_reg__ = 0
   7               	__zero_reg__ = 1
  15               	.Ltext0:
  16               		.data
  17               	.LC0:
  18 0000 4465 6275 		.string	"Debug Started"
  18      6720 5374 
  18      6172 7465 
  18      6400 
  19               	.LC1:
  20 000e 5265 6756 		.string	"RegVal:"
  20      616C 3A00 
  21               		.text
  22               	.global	main
  24               	main:
  25               	.LFB6:
  26               	.LM1:
  27 0000 CF93      		push r28
  28 0002 DF93      		push r29
  29               	/* prologue: function */
  30               	/* frame size = 0 */
  31               	.LM2:
  32 0004 549A      		sbi 42-32,4
  33               	.LM3:
  34 0006 5C98      		cbi 43-32,4
  35               	.LM4:
  36 0008 0E94 0000 		call I2C_Init
  37               	.LM5:
  38 000c 0E94 0000 		call debug_init
  39               	.LM6:
  40 0010 80E0      		ldi r24,lo8(.LC0)
  41 0012 90E0      		ldi r25,hi8(.LC0)
  42 0014 0E94 0000 		call debug_tx_text_nl
  43               	.LBB13:
  44               	.LBB14:
  45               	.LBB15:
  46               	.LBB16:
  47               	.LBB17:
  48               	.LM7:
  49 0018 CCE2      		ldi r28,lo8(300)
  50 001a D1E0      		ldi r29,hi8(300)
  51               	.LVL0:
  52               	.L3:
  53               	.LBE17:
  54               	.LBE16:
  55               	.LBE15:
  56               	.LBE14:
  57               	.LM8:
  58 001c 8BE6      		ldi r24,lo8(107)
  59               	.LVL1:
  60 001e 0E94 0000 		call I2C_Read_Register
  61               	.LVL2:
  62               	.LM9:
  63 0022 482F      		mov r20,r24
  64               	.LVL3:
  65 0024 50E0      		ldi r21,lo8(0)
  66               	.LVL4:
  67 0026 60E0      		ldi r22,lo8(0)
  68 0028 70E0      		ldi r23,hi8(0)
  69               	.LVL5:
  70 002a 80E0      		ldi r24,lo8(.LC1)
  71 002c 90E0      		ldi r25,hi8(.LC1)
  72 002e 0E94 0000 		call debug_tx_parameter_hex_nl
  73               	.LVL6:
  74 0032 88E8      		ldi r24,lo8(5000)
  75 0034 93E1      		ldi r25,hi8(5000)
  76               	.LVL7:
  77               	.L2:
  78               	.LBB21:
  79               	.LBB20:
  80               	.LBB19:
  81               	.LBB18:
  82               	.LM10:
  83 0036 FE01      		movw r30,r28
  84               	.LVL8:
  85               	/* #APP */
  86               	 ;  105 "c:/winavr-20100110/lib/gcc/../../avr/include/util/delay_basic.h" 1
  87 0038 3197      		1: sbiw r30,1
  88 003a 01F4      		brne 1b
  89               	 ;  0 "" 2
  90               	/* #NOAPP */
  91               	.LBE18:
  92               	.LBE19:
  93               	.LM11:
  94 003c 0197      		sbiw r24,1
  95               	.LM12:
  96 003e 01F4      		brne .L2
  97 0040 00C0      		rjmp .L3
  98               	.LBE20:
  99               	.LBE21:
 100               	.LBE13:
 101               	.LFE6:
 127               	.Letext0:
DEFINED SYMBOLS
                            *ABS*:00000000 main.c
C:\Users\FARIDU~1\AppData\Local\Temp/cc2J7j5N.s:2      *ABS*:0000003f __SREG__
C:\Users\FARIDU~1\AppData\Local\Temp/cc2J7j5N.s:3      *ABS*:0000003e __SP_H__
C:\Users\FARIDU~1\AppData\Local\Temp/cc2J7j5N.s:4      *ABS*:0000003d __SP_L__
C:\Users\FARIDU~1\AppData\Local\Temp/cc2J7j5N.s:5      *ABS*:00000034 __CCP__
C:\Users\FARIDU~1\AppData\Local\Temp/cc2J7j5N.s:6      *ABS*:00000000 __tmp_reg__
C:\Users\FARIDU~1\AppData\Local\Temp/cc2J7j5N.s:7      *ABS*:00000001 __zero_reg__
C:\Users\FARIDU~1\AppData\Local\Temp/cc2J7j5N.s:24     .text:00000000 main

UNDEFINED SYMBOLS
I2C_Init
debug_init
debug_tx_text_nl
I2C_Read_Register
debug_tx_parameter_hex_nl
__do_copy_data
